// Jest Snapshot v1, https://goo.gl/fbAQLP

exports[`<Profile /> matches snapshot 1`] = `
<div>
  <div>
    <strong>
      S-rim
    </strong>
    <span>
      (
      신서림
      )
    </span>
  </div>
</div>
`;
